// Jest Snapshot v1, https://goo.gl/fbAQLP

exports[`Header should render initial layout 1`] = `
<h2>
  Expanse Tracker
</h2>
`;
