// Jest Snapshot v1, https://goo.gl/fbAQLP

exports[`TransactionList should render initial layout 1`] = `
<React.Fragment>
  <h3>
    History
  </h3>
  <ul
    class="list"
    id="list"
  >
    <li
      class="minus"
    >
      Cash 
      <span>
        -$400
      </span>
      <button
        class="delete-btn"
      >
        x
      </button>
    </li>
  </ul>
</React.Fragment>
`;
